
> aws-notes-website@0.1.0 build
> next build

Γû▓ Next.js 16.2.7 (Turbopack)

  Creating an optimized production build ...
Γ£ô Compiled successfully in 4.6s
  Running TypeScript ...
  Finished TypeScript in 3.5s ...
  Collecting page data using 7 workers ...
  Generating static pages using 7 workers (0/37) ...
  Generating static pages using 7 workers (9/37) 
  Generating static pages using 7 workers (18/37) 
  Generating static pages using 7 workers (27/37) 
Γ£ô Generating static pages using 7 workers (37/37) in 2.8s
  Finalizing page optimization ...

Route (app)
Γöî ╞Æ /
Γö£ Γùï /_not-found
Γö£ ΓùÅ /notes/[week]/[slug]
Γöé Γö£ /notes/week_03/2026-04-13
Γöé Γö£ /notes/week_04/2026-04-20
Γöé Γö£ /notes/week_04/2026-04-21
Γöé Γöö [+27 more paths]
Γö£ Γùï /opengraph-image
Γö£ Γùï /robots.txt
Γöö Γùï /sitemap.xml


Γùï  (Static)   prerendered as static content
ΓùÅ  (SSG)      prerendered as static HTML (uses generateStaticParams)
╞Æ  (Dynamic)  server-rendered on demand

